gplink-0.13.3 alpha
Map File - Created 9-15-2006  11:51:33
 
                                 Section Info
                  Section       Type    Address   Location Size(Bytes)
                ---------  ---------  ---------  ---------  ---------
           S_crt0___entry       code   00000000    program   0x000004
S_adc_ivec_0x1_adc_interrupt       code   0x000008    program   0x000004
S_ep0__ep0_usb_std_request       code   0x00002a    program   0x0003ae
S_usb__dispatch_usb_event       code   0x0003d8    program   0x00038a
                    .code       code   0x000762    program   0x000274
           S_ep1__ep1_out       code   0x0009d6    program   0x00026a
    S_usb__fill_in_buffer       code   0x000c40    program   0x0001f2
   S_boot_main__init_boot       code   0x000e32    program   0x0001da
         S_ep0__ep0_setup       code   0x00100c    program   0x00016c
     S_adc__adc_interrupt       code   0x001178    program   0x000164
         S_usb__reset_usb       code   0x0012dc    program   0x000118
         S_adc__adc_start       code   0x0013f4    program   0x0000e8
            S_ep0__ep0_in       code   0x0014dc    program   0x0000e2
            S_ep2__ep2_in       code   0x0015be    program   0x0000da
    S_ep2__prepare_ep2_in       code   0x001698    program   0x0000ca
      S_adc__adc_dispatch       code   0x001762    program   0x0000ae
          S_adc__adc_init       code   0x001810    program   0x0000a8
        S_mulint___mulint       code   0x0018b8    program   0x0000a0
        S_boot_main__main       code   0x001958    program   0x000084
    S_divuchar___divuchar       code   0x0019dc    program   0x00006e
     S_flash__write_block       code   0x001a4a    program   0x00006c
    S_gptrget3___gptrget3       code   0x001ab6    program   0x000036
          S_usb__init_usb       code   0x001aec    program   0x000032
          S_ep0__ep0_init       code   0x001b1e    program   0x000030
    S_gptrget2___gptrget2       code   0x001b4e    program   0x00002c
          S_ep1__ep1_init       code   0x001b7a    program   0x00002a
     S_flash__erase_block       code   0x001ba4    program   0x000022
    S_gptrget1___gptrget1       code   0x001bc6    program   0x000022
    S_gptrput3___gptrput3       code   0x001be8    program   0x00001c
         S_usb__usb_sleep       code   0x001c04    program   0x00001a
          S_ep2__ep2_init       code   0x001c1e    program   0x000018
    S_gptrput2___gptrput2       code   0x001c36    program   0x000018
          S_adc__adc_stop       code   0x001c4e    program   0x000016
         S_adc__adc_reset       code   0x001c64    program   0x000016
         S_crt0___startup       code   0x001c7a    program   0x000014
    S_gptrput1___gptrput1       code   0x001c8e    program   0x000014
S_usb_descriptors__null_function       code   0x001ca2    program   0x00000e
                   .cinit       code   0x001cb0    program   0x00000e
                 .idata_i       code   0x001cbe    program   0x000008
S_application__application_data       code   0x002030    program   0x00001a
                  .config       code   0x300000    program   0x00000e
                   .idata      idata   0x00006b       data   0x000007
               .registers      udata   00000000       data   0x00000e
              udata_adc_6      udata   0x000060       data   0x00000b
              udata_usb_0      udata   0x000072       data   0x000003
              udata_usb_1      udata   0x000075       data   0x000003
              udata_usb_2      udata   0x000078       data   0x000003
              udata_usb_6      udata   0x00007b       data   0x000003
              udata_usb_7      udata   0x00007e       data   0x000003
              udata_usb_8      udata   0x000081       data   0x000003
              udata_usb_9      udata   0x000084       data   0x000003
              udata_ep0_2      udata   0x000087       data   0x000003
            udata_flash_1      udata   0x00008a       data   0x000003
              udata_ep0_1      udata   0x00008d       data   0x000002
            udata_flash_0      udata   0x00008f       data   0x000002
           udata_mulint_0      udata   0x000091       data   0x000002
           udata_mulint_1      udata   0x000093       data   0x000002
           udata_mulint_2      udata   0x000095       data   0x000002
              udata_adc_0      udata   0x000097       data   0x000001
              udata_adc_1      udata   0x000098       data   0x000001
              udata_adc_2      udata   0x000099       data   0x000001
              udata_adc_3      udata   0x00009a       data   0x000001
              udata_adc_4      udata   0x00009b       data   0x000001
              udata_adc_5      udata   0x00009c       data   0x000001
              udata_usb_3      udata   0x00009d       data   0x000001
              udata_usb_4      udata   0x00009e       data   0x000001
              udata_usb_5      udata   0x00009f       data   0x000001
              udata_ep0_0      udata   0x0000a0       data   0x000001
              udata_ep0_3      udata   0x0000a1       data   0x000001
              udata_ep1_0      udata   0x0000a2       data   0x000001
              udata_ep1_1      udata   0x0000a3       data   0x000001
              udata_ep2_0      udata   0x0000a4       data   0x000001
              udata_adc_7      udata   0x000100       data   0x0000ff
       ustat_boot_main_00      udata   0x000200       data   0x0000ff
             ustat_usb_00      udata   0x000400       data   0x000080
             ustat_ep0_00      udata   0x000500       data   0x000010
             ustat_ep1_00      udata   0x000510       data   0x000040
      ustat_pic18f4455_00      udata   0x000f62       data   0x000023
      ustat_pic18f4455_01      udata   0x000f89       data   0x000005
      ustat_pic18f4455_02      udata   0x000f92       data   0x000005
      ustat_pic18f4455_03      udata   0x000f9b       data   0x000001
      ustat_pic18f4455_04      udata   0x000f9d       data   0x000006
      ustat_pic18f4455_05      udata   0x000fa6       data   0x000004
      ustat_pic18f4455_06      udata   0x000fab       data   0x00000e
      ustat_pic18f4455_07      udata   0x000fba       data   0x00001a
      ustat_pic18f4455_08      udata   0x000fd5       data   0x00002b
 
                              Program Memory Usage
                               Start         End
                           ---------   ---------
                            0x300000    0x30000d
                            0x001958    0x0019db
                            0x000e32    0x00100b
                            0x001cbe    0x001cc5
                            0x000008    0x00000b
                            0x001762    0x00180f
                            0x001178    0x0012db
                            0x001c4e    0x001c63
                            0x0013f4    0x0014db
                            0x001c64    0x001c79
                            0x001810    0x0018b7
                            0x000762    0x0009d5
                            0x000c40    0x000e31
                            0x0003d8    0x000761
                            0x001c04    0x001c1d
                            0x0012dc    0x0013f3
                            0x001aec    0x001b1d
                            0x001ca2    0x001caf
                            0x00100c    0x001177
                            0x0014dc    0x0015bd
                            0x001b1e    0x001b4d
                            0x00002a    0x0003d7
                            0x0009d6    0x000c3f
                            0x001b7a    0x001ba3
                            0x0015be    0x001697
                            0x001698    0x001761
                            0x001c1e    0x001c35
                            0x002030    0x002049
                            0x001ba4    0x001bc5
                            0x001a4a    0x001ab5
                            00000000    0x000003
                            0x001c7a    0x001c8d
                            0x0019dc    0x001a49
                            0x001c8e    0x001ca1
                            0x001c36    0x001c4d
                            0x001be8    0x001c03
                            0x0018b8    0x001957
                            0x001bc6    0x001be7
                            0x001b4e    0x001b79
                            0x001ab6    0x001aeb
                            0x001cb0    0x001cbd
 
                            3686 program addresses used
 
                              Symbols
                     Name    Address   Location    Storage File
                ---------  ---------  ---------  --------- ---------
                    r0x00   00000000       data     static boot_main.asm
                    r0x01   0x000001       data     static boot_main.asm
                    r0x02   0x000002       data     static boot_main.asm
                    r0x03   0x000003       data     static boot_main.asm
                   _stack   0x000200       data     extern boot_main.asm
               _stack_end   0x0002fe       data     extern boot_main.asm
                    _main   0x001958    program     extern boot_main.asm
               _00120_DS_   0x001964    program     static boot_main.asm
               _00128_DS_   0x0019d4    program     static boot_main.asm
               _init_boot   0x000e32    program     extern boot_main.asm
               _00105_DS_   0x000e64    program     static boot_main.asm
               _00107_DS_   0x000e86    program     static boot_main.asm
               _00109_DS_   0x000f78    program     static boot_main.asm
               _00111_DS_   0x000ff6    program     static boot_main.asm
            _adc_data_len   0x00006b       data     static adc.asm
              _adc_rec_nr   0x00006c       data     static adc.asm
               _adc_flags   0x00006d       data     extern adc.asm
             _adc_buf_ptr   0x00006e       data     static adc.asm
              _adc_int_nr   0x00006f       data     extern adc.asm
        _adc_one_buf_size   0x000071       data     static adc.asm
                    r0x00   00000000       data     static adc.asm
                    r0x01   0x000001       data     static adc.asm
                    r0x02   0x000002       data     static adc.asm
                    r0x03   0x000003       data     static adc.asm
               _adc_nbufs   0x000097       data     static adc.asm
                  _adc_in   0x000098       data     static adc.asm
                 _adc_out   0x000099       data     static adc.asm
              _adc_nchans   0x00009a       data     static adc.asm
               _adc_nchan   0x00009b       data     static adc.asm
   _adc_interrupt_tmp_1_1   0x00009c       data     static adc.asm
                 _adc_cfg   0x000060       data     extern adc.asm
                 _adc_buf   0x000100       data     static adc.asm
   ivec_0x1_adc_interrupt   0x000008    program     static adc.asm
            _adc_dispatch   0x001762    program     extern adc.asm
               _00159_DS_   0x0017aa    program     static adc.asm
               _00170_DS_   0x0017b8    program     static adc.asm
               _00163_DS_   0x001802    program     static adc.asm
           _adc_interrupt   0x001178    program     extern adc.asm
               _10154_DS_   0x0011b8    program     static adc.asm
               _00136_DS_   0x001226    program     static adc.asm
               _00148_DS_   0x001234    program     static adc.asm
               _00149_DS_   0x001238    program     static adc.asm
               _00138_DS_   0x001244    program     static adc.asm
               _00140_DS_   0x001284    program     static adc.asm
               _00141_DS_   0x0012aa    program     static adc.asm
                _adc_stop   0x001c4e    program     extern adc.asm
               _adc_start   0x0013f4    program     extern adc.asm
               _adc_reset   0x001c64    program     extern adc.asm
                _adc_init   0x001810    program     extern adc.asm
               _00108_DS_   0x001830    program     static adc.asm
               _00118_DS_   0x00183c    program     static adc.asm
               _00111_DS_   0x001872    program     static adc.asm
                 _err_ovr   0x000762    program     extern adc.asm
                    r0x00   00000000       data     static usb.asm
                    r0x01   0x000001       data     static usb.asm
                    r0x02   0x000002       data     static usb.asm
                    r0x03   0x000003       data     static usb.asm
                    r0x04   0x000004       data     static usb.asm
                    r0x05   0x000005       data     static usb.asm
                    r0x06   0x000006       data     static usb.asm
                    r0x07   0x000007       data     static usb.asm
                    r0x08   0x000008       data     static usb.asm
                    r0x09   0x000009       data     static usb.asm
                    r0x0a   0x00000a       data     static usb.asm
                    r0x0b   0x00000b       data     static usb.asm
                    r0x0c   0x00000c       data     static usb.asm
                    r0x0d   0x00000d       data     static usb.asm
       _device_descriptor   0x000072       data     extern usb.asm
_configuration_descriptor   0x000075       data     extern usb.asm
       _string_descriptor   0x000078       data     extern usb.asm
  _usb_active_alt_setting   0x00009d       data     extern usb.asm
        _usb_device_state   0x00009e       data     extern usb.asm
          _usb_active_cfg   0x00009f       data     extern usb.asm
                 _ep_init   0x00007b       data     extern usb.asm
                _ep_setup   0x00007e       data     extern usb.asm
                  _ep_out   0x000081       data     extern usb.asm
                   _ep_in   0x000084       data     extern usb.asm
                  _ep_bdt   0x000400       data     extern usb.asm
          _fill_in_buffer   0x000c40    program     extern usb.asm
               _00207_DS_   0x000cd4    program     static usb.asm
               _00196_DS_   0x000ce6    program     static usb.asm
               _00197_DS_   0x000cee    program     static usb.asm
               _00198_DS_   0x000d76    program     static usb.asm
               _00201_DS_   0x000df4    program     static usb.asm
      _dispatch_usb_event   0x0003d8    program     extern usb.asm
               _00138_DS_   0x000406    program     static usb.asm
               _00141_DS_   0x000416    program     static usb.asm
               _00144_DS_   0x000428    program     static usb.asm
               _00180_DS_   0x000444    program     static usb.asm
               _00181_DS_   0x000448    program     static usb.asm
               _00182_DS_   0x0004be    program     static usb.asm
               _00147_DS_   0x0004c0    program     static usb.asm
               _00149_DS_   0x0004c2    program     static usb.asm
               _00184_DS_   0x000522    program     static usb.asm
               _00185_DS_   0x000526    program     static usb.asm
               _00186_DS_   0x0005d2    program     static usb.asm
               _00152_DS_   0x0005d6    program     static usb.asm
               _00187_DS_   0x000682    program     static usb.asm
               _00157_DS_   0x000686    program     static usb.asm
               _00188_DS_   0x000696    program     static usb.asm
               _00189_DS_   0x00069a    program     static usb.asm
               _00190_DS_   0x000746    program     static usb.asm
               _00158_DS_   0x000746    program     static usb.asm
               _00163_DS_   0x000748    program     static usb.asm
               _usb_sleep   0x001c04    program     extern usb.asm
               _00132_DS_   0x001c18    program     static usb.asm
               _reset_usb   0x0012dc    program     extern usb.asm
               _00110_DS_   0x00130a    program     static usb.asm
               _00112_DS_   0x001316    program     static usb.asm
               _00115_DS_   0x00134a    program     static usb.asm
               _00122_DS_   0x0013c6    program     static usb.asm
                _init_usb   0x001aec    program     extern usb.asm
               _00105_DS_   0x001afe    program     static usb.asm
           _null_function   0x001ca2    program     extern usb_descriptors.asm
  _boot_device_descriptor   0x00076c    program     extern usb_descriptors.asm
        _boot_default_cfg   0x00077e    program     extern usb_descriptors.asm
          _boot_flash_cfg   0x000790    program     extern usb_descriptors.asm
_boot_configuration_descriptor   0x0007b0    program     extern usb_descriptors.asm
                    _str0   0x0007b6    program     extern usb_descriptors.asm
                    _str1   0x0007ba    program     extern usb_descriptors.asm
                    _str2   0x0007d6    program     extern usb_descriptors.asm
                    _str3   0x0007fa    program     extern usb_descriptors.asm
                    _str4   0x0007fe    program     extern usb_descriptors.asm
                    _str5   0x00080e    program     extern usb_descriptors.asm
  _boot_string_descriptor   0x00081a    program     extern usb_descriptors.asm
       _boot_ep_init_cfg0   0x00082c    program     static usb_descriptors.asm
       _boot_ep_init_cfg1   0x00085c    program     static usb_descriptors.asm
            _boot_ep_init   0x00088c    program     extern usb_descriptors.asm
         _boot_ep_in_cfg0   0x000896    program     static usb_descriptors.asm
         _boot_ep_in_cfg1   0x0008c6    program     static usb_descriptors.asm
              _boot_ep_in   0x0008f6    program     extern usb_descriptors.asm
        _boot_ep_out_cfg0   0x000900    program     static usb_descriptors.asm
        _boot_ep_out_cfg1   0x000930    program     static usb_descriptors.asm
             _boot_ep_out   0x000960    program     extern usb_descriptors.asm
       _boot_ep_setup_cfg   0x00096a    program     static usb_descriptors.asm
           _boot_ep_setup   0x00099a    program     extern usb_descriptors.asm
                    r0x00   00000000       data     static ep0.asm
                    r0x01   0x000001       data     static ep0.asm
                    r0x02   0x000002       data     static ep0.asm
                    r0x03   0x000003       data     static ep0.asm
                    r0x04   0x000004       data     static ep0.asm
                    r0x05   0x000005       data     static ep0.asm
                    r0x06   0x000006       data     static ep0.asm
                    r0x07   0x000007       data     static ep0.asm
                    r0x08   0x000008       data     static ep0.asm
               _ep0_state   0x0000a0       data     static ep0.asm
    _num_bytes_to_be_send   0x00008d       data     static ep0.asm
              _sourceData   0x000087       data     static ep0.asm
_ep0_usb_std_request_unknown_request_1_1   0x0000a1       data     static ep0.asm
             _SetupBuffer   0x000500       data     extern ep0.asm
                _InBuffer   0x000508       data     extern ep0.asm
               _ep0_setup   0x00100c    program     extern ep0.asm
               _00223_DS_   0x00105a    program     static ep0.asm
               _00224_DS_   0x00105e    program     static ep0.asm
               _00225_DS_   0x0010a8    program     static ep0.asm
               _00211_DS_   0x0010ba    program     static ep0.asm
               _00213_DS_   0x001108    program     static ep0.asm
               _00216_DS_   0x00113c    program     static ep0.asm
               _00218_DS_   0x00115a    program     static ep0.asm
                  _ep0_in   0x0014dc    program     extern ep0.asm
               _00200_DS_   0x001508    program     static ep0.asm
               _00201_DS_   0x00150c    program     static ep0.asm
               _00203_DS_   0x00151c    program     static ep0.asm
               _00184_DS_   0x001526    program     static ep0.asm
               _00187_DS_   0x00152c    program     static ep0.asm
               _00204_DS_   0x001538    program     static ep0.asm
               _00205_DS_   0x00153c    program     static ep0.asm
               _00189_DS_   0x001592    program     static ep0.asm
               _00192_DS_   0x00159c    program     static ep0.asm
               _00194_DS_   0x0015a0    program     static ep0.asm
                _ep0_init   0x001b1e    program     extern ep0.asm
     _ep0_usb_std_request   0x00002a    program     extern ep0.asm
               _00151_DS_   0x000066    program     static ep0.asm
               _00106_DS_   0x00006c    program     static ep0.asm
               _00153_DS_   0x00007c    program     static ep0.asm
               _00155_DS_   0x000086    program     static ep0.asm
               _00157_DS_   0x000090    program     static ep0.asm
               _00159_DS_   0x00009a    program     static ep0.asm
               _00161_DS_   0x0000a4    program     static ep0.asm
               _00163_DS_   0x0000ae    program     static ep0.asm
               _00165_DS_   0x0000b8    program     static ep0.asm
               _00167_DS_   0x0000c2    program     static ep0.asm
               _00169_DS_   0x0000cc    program     static ep0.asm
               _00108_DS_   0x0000d0    program     static ep0.asm
               _00109_DS_   0x0000f0    program     static ep0.asm
               _00172_DS_   0x000144    program     static ep0.asm
               _00110_DS_   0x000150    program     static ep0.asm
               _00111_DS_   0x000184    program     static ep0.asm
               _00112_DS_   0x0001f8    program     static ep0.asm
               _00113_DS_   0x000262    program     static ep0.asm
               _00117_DS_   0x00026c    program     static ep0.asm
               _00118_DS_   0x000276    program     static ep0.asm
               _00120_DS_   0x0002ea    program     static ep0.asm
               _00131_DS_   0x0002f4    program     static ep0.asm
               _00174_DS_   0x000386    program     static ep0.asm
               _00123_DS_   0x000396    program     static ep0.asm
               _00127_DS_   0x0003a0    program     static ep0.asm
               _00128_DS_   0x0003a6    program     static ep0.asm
               _00132_DS_   0x0003b6    program     static ep0.asm
                    r0x00   00000000       data     static ep1.asm
                    r0x01   0x000001       data     static ep1.asm
                    r0x02   0x000002       data     static ep1.asm
                    r0x03   0x000003       data     static ep1.asm
                    r0x04   0x000004       data     static ep1.asm
                    r0x05   0x000005       data     static ep1.asm
                    r0x06   0x000006       data     static ep1.asm
                    r0x07   0x000007       data     static ep1.asm
                    r0x08   0x000008       data     static ep1.asm
                    r0x09   0x000009       data     static ep1.asm
                   iTemp0   0x0000a2       data     static ep1.asm
                  iTemp13   0x0000a3       data     static ep1.asm
           _ep1_OutBuffer   0x000510       data     extern ep1.asm
                 _ep1_out   0x0009d6    program     extern ep1.asm
               _00147_DS_   0x000a56    program     static ep1.asm
               _00109_DS_   0x000a6e    program     static ep1.asm
               _00110_DS_   0x000a92    program     static ep1.asm
               _00150_DS_   0x000ab4    program     static ep1.asm
               _00131_DS_   0x000ab6    program     static ep1.asm
               _00134_DS_   0x000b14    program     static ep1.asm
               _00115_DS_   0x000b38    program     static ep1.asm
               _00119_DS_   0x000b6c    program     static ep1.asm
               _00120_DS_   0x000b94    program     static ep1.asm
               _00121_DS_   0x000bbc    program     static ep1.asm
               _00123_DS_   0x000be0    program     static ep1.asm
               _00125_DS_   0x000bf8    program     static ep1.asm
               _00129_DS_   0x000bfe    program     static ep1.asm
               _00130_DS_   0x000c02    program     static ep1.asm
               _00135_DS_   0x000c1a    program     static ep1.asm
                _ep1_init   0x001b7a    program     extern ep1.asm
                  _id_msg   0x0009a4    program     extern ep1.asm
                     _ack   0x0009b6    program     extern ep1.asm
                    _nack   0x0009ba    program     extern ep1.asm
                    r0x00   00000000       data     static ep2.asm
                    r0x01   0x000001       data     static ep2.asm
                    r0x02   0x000002       data     static ep2.asm
                    r0x03   0x000003       data     static ep2.asm
                    r0x04   0x000004       data     static ep2.asm
                    r0x05   0x000005       data     static ep2.asm
      _last_send_was_null   0x0000a4       data     static ep2.asm
                  _ep2_in   0x0015be    program     extern ep2.asm
               _00122_DS_   0x0015fa    program     static ep2.asm
               _00133_DS_   0x001608    program     static ep2.asm
               _00125_DS_   0x001674    program     static ep2.asm
               _00127_DS_   0x00167a    program     static ep2.asm
          _prepare_ep2_in   0x001698    program     extern ep2.asm
               _00116_DS_   0x0016c6    program     static ep2.asm
               _00110_DS_   0x00173e    program     static ep2.asm
               _00112_DS_   0x001744    program     static ep2.asm
                _ep2_init   0x001c1e    program     extern ep2.asm
        _application_data   0x002030    program     extern application.asm
                    r0x00   00000000       data     static flash.asm
                    r0x01   0x000001       data     static flash.asm
                    r0x02   0x000002       data     static flash.asm
   _ep2_num_bytes_to_send   0x00008f       data     extern flash.asm
         _ep2_source_data   0x00008a       data     extern flash.asm
             _erase_block   0x001ba4    program     extern flash.asm
             _write_block   0x001a4a    program     extern flash.asm
               _00105_DS_   0x001a6e    program     static flash.asm
               _00108_DS_   0x001a92    program     static flash.asm
      _section_descriptor   0x0009c0    program     extern flash.asm
                  __entry   00000000    program     extern ../build/startup/crt0.asm
                __startup   0x001c7a    program     extern ../build/startup/crt0.asm
               _00109_DS_   0x001c8c    program     static ../build/startup/crt0.asm
                 _SPPDATA   0x000f62       data     extern ../build/libdev/pic18f4455.asm
             _SPPDATAbits   0x000f62       data     extern ../build/libdev/pic18f4455.asm
                  _SPPCFG   0x000f63       data     extern ../build/libdev/pic18f4455.asm
              _SPPCFGbits   0x000f63       data     extern ../build/libdev/pic18f4455.asm
                  _SPPEPS   0x000f64       data     extern ../build/libdev/pic18f4455.asm
              _SPPEPSbits   0x000f64       data     extern ../build/libdev/pic18f4455.asm
                  _SPPCON   0x000f65       data     extern ../build/libdev/pic18f4455.asm
              _SPPCONbits   0x000f65       data     extern ../build/libdev/pic18f4455.asm
                   _UFRML   0x000f66       data     extern ../build/libdev/pic18f4455.asm
               _UFRMLbits   0x000f66       data     extern ../build/libdev/pic18f4455.asm
                   _UFRMH   0x000f67       data     extern ../build/libdev/pic18f4455.asm
               _UFRMHbits   0x000f67       data     extern ../build/libdev/pic18f4455.asm
                     _UIR   0x000f68       data     extern ../build/libdev/pic18f4455.asm
                 _UIRbits   0x000f68       data     extern ../build/libdev/pic18f4455.asm
                     _UIE   0x000f69       data     extern ../build/libdev/pic18f4455.asm
                 _UIEbits   0x000f69       data     extern ../build/libdev/pic18f4455.asm
                    _UEIR   0x000f6a       data     extern ../build/libdev/pic18f4455.asm
                _UEIRbits   0x000f6a       data     extern ../build/libdev/pic18f4455.asm
                    _UEIE   0x000f6b       data     extern ../build/libdev/pic18f4455.asm
                _UEIEbits   0x000f6b       data     extern ../build/libdev/pic18f4455.asm
                   _USTAT   0x000f6c       data     extern ../build/libdev/pic18f4455.asm
               _USTATbits   0x000f6c       data     extern ../build/libdev/pic18f4455.asm
                    _UCON   0x000f6d       data     extern ../build/libdev/pic18f4455.asm
                _UCONbits   0x000f6d       data     extern ../build/libdev/pic18f4455.asm
                   _UADDR   0x000f6e       data     extern ../build/libdev/pic18f4455.asm
               _UADDRbits   0x000f6e       data     extern ../build/libdev/pic18f4455.asm
                    _UCFG   0x000f6f       data     extern ../build/libdev/pic18f4455.asm
                _UCFGbits   0x000f6f       data     extern ../build/libdev/pic18f4455.asm
                    _UEP0   0x000f70       data     extern ../build/libdev/pic18f4455.asm
                _UEP0bits   0x000f70       data     extern ../build/libdev/pic18f4455.asm
                    _UEP1   0x000f71       data     extern ../build/libdev/pic18f4455.asm
                _UEP1bits   0x000f71       data     extern ../build/libdev/pic18f4455.asm
                    _UEP2   0x000f72       data     extern ../build/libdev/pic18f4455.asm
                _UEP2bits   0x000f72       data     extern ../build/libdev/pic18f4455.asm
                    _UEP3   0x000f73       data     extern ../build/libdev/pic18f4455.asm
                _UEP3bits   0x000f73       data     extern ../build/libdev/pic18f4455.asm
                    _UEP4   0x000f74       data     extern ../build/libdev/pic18f4455.asm
                _UEP4bits   0x000f74       data     extern ../build/libdev/pic18f4455.asm
                    _UEP5   0x000f75       data     extern ../build/libdev/pic18f4455.asm
                _UEP5bits   0x000f75       data     extern ../build/libdev/pic18f4455.asm
                    _UEP6   0x000f76       data     extern ../build/libdev/pic18f4455.asm
                _UEP6bits   0x000f76       data     extern ../build/libdev/pic18f4455.asm
                    _UEP7   0x000f77       data     extern ../build/libdev/pic18f4455.asm
                _UEP7bits   0x000f77       data     extern ../build/libdev/pic18f4455.asm
                    _UEP8   0x000f78       data     extern ../build/libdev/pic18f4455.asm
                _UEP8bits   0x000f78       data     extern ../build/libdev/pic18f4455.asm
                    _UEP9   0x000f79       data     extern ../build/libdev/pic18f4455.asm
                _UEP9bits   0x000f79       data     extern ../build/libdev/pic18f4455.asm
                   _UEP10   0x000f7a       data     extern ../build/libdev/pic18f4455.asm
               _UEP10bits   0x000f7a       data     extern ../build/libdev/pic18f4455.asm
                   _UEP11   0x000f7b       data     extern ../build/libdev/pic18f4455.asm
               _UEP11bits   0x000f7b       data     extern ../build/libdev/pic18f4455.asm
                   _UEP12   0x000f7c       data     extern ../build/libdev/pic18f4455.asm
               _UEP12bits   0x000f7c       data     extern ../build/libdev/pic18f4455.asm
                   _UEP13   0x000f7d       data     extern ../build/libdev/pic18f4455.asm
               _UEP13bits   0x000f7d       data     extern ../build/libdev/pic18f4455.asm
                   _UEP14   0x000f7e       data     extern ../build/libdev/pic18f4455.asm
               _UEP14bits   0x000f7e       data     extern ../build/libdev/pic18f4455.asm
                   _UEP15   0x000f7f       data     extern ../build/libdev/pic18f4455.asm
               _UEP15bits   0x000f7f       data     extern ../build/libdev/pic18f4455.asm
                   _PORTA   0x000f80       data     extern ../build/libdev/pic18f4455.asm
               _PORTAbits   0x000f80       data     extern ../build/libdev/pic18f4455.asm
                   _PORTB   0x000f81       data     extern ../build/libdev/pic18f4455.asm
               _PORTBbits   0x000f81       data     extern ../build/libdev/pic18f4455.asm
                   _PORTC   0x000f82       data     extern ../build/libdev/pic18f4455.asm
               _PORTCbits   0x000f82       data     extern ../build/libdev/pic18f4455.asm
                   _PORTD   0x000f83       data     extern ../build/libdev/pic18f4455.asm
               _PORTDbits   0x000f83       data     extern ../build/libdev/pic18f4455.asm
                   _PORTE   0x000f84       data     extern ../build/libdev/pic18f4455.asm
               _PORTEbits   0x000f84       data     extern ../build/libdev/pic18f4455.asm
                    _LATA   0x000f89       data     extern ../build/libdev/pic18f4455.asm
                _LATAbits   0x000f89       data     extern ../build/libdev/pic18f4455.asm
                    _LATB   0x000f8a       data     extern ../build/libdev/pic18f4455.asm
                _LATBbits   0x000f8a       data     extern ../build/libdev/pic18f4455.asm
                    _LATC   0x000f8b       data     extern ../build/libdev/pic18f4455.asm
                _LATCbits   0x000f8b       data     extern ../build/libdev/pic18f4455.asm
                    _LATD   0x000f8c       data     extern ../build/libdev/pic18f4455.asm
                _LATDbits   0x000f8c       data     extern ../build/libdev/pic18f4455.asm
                    _LATE   0x000f8d       data     extern ../build/libdev/pic18f4455.asm
                _LATEbits   0x000f8d       data     extern ../build/libdev/pic18f4455.asm
                   _TRISA   0x000f92       data     extern ../build/libdev/pic18f4455.asm
               _TRISAbits   0x000f92       data     extern ../build/libdev/pic18f4455.asm
                   _TRISB   0x000f93       data     extern ../build/libdev/pic18f4455.asm
               _TRISBbits   0x000f93       data     extern ../build/libdev/pic18f4455.asm
                   _TRISC   0x000f94       data     extern ../build/libdev/pic18f4455.asm
               _TRISCbits   0x000f94       data     extern ../build/libdev/pic18f4455.asm
                   _TRISD   0x000f95       data     extern ../build/libdev/pic18f4455.asm
               _TRISDbits   0x000f95       data     extern ../build/libdev/pic18f4455.asm
                   _TRISE   0x000f96       data     extern ../build/libdev/pic18f4455.asm
               _TRISEbits   0x000f96       data     extern ../build/libdev/pic18f4455.asm
                 _OSCTUNE   0x000f9b       data     extern ../build/libdev/pic18f4455.asm
             _OSCTUNEbits   0x000f9b       data     extern ../build/libdev/pic18f4455.asm
                    _PIE1   0x000f9d       data     extern ../build/libdev/pic18f4455.asm
                _PIE1bits   0x000f9d       data     extern ../build/libdev/pic18f4455.asm
                    _PIR1   0x000f9e       data     extern ../build/libdev/pic18f4455.asm
                _PIR1bits   0x000f9e       data     extern ../build/libdev/pic18f4455.asm
                    _IPR1   0x000f9f       data     extern ../build/libdev/pic18f4455.asm
                _IPR1bits   0x000f9f       data     extern ../build/libdev/pic18f4455.asm
                    _PIE2   0x000fa0       data     extern ../build/libdev/pic18f4455.asm
                _PIE2bits   0x000fa0       data     extern ../build/libdev/pic18f4455.asm
                    _PIR2   0x000fa1       data     extern ../build/libdev/pic18f4455.asm
                _PIR2bits   0x000fa1       data     extern ../build/libdev/pic18f4455.asm
                    _IPR2   0x000fa2       data     extern ../build/libdev/pic18f4455.asm
                _IPR2bits   0x000fa2       data     extern ../build/libdev/pic18f4455.asm
                  _EECON1   0x000fa6       data     extern ../build/libdev/pic18f4455.asm
              _EECON1bits   0x000fa6       data     extern ../build/libdev/pic18f4455.asm
                  _EECON2   0x000fa7       data     extern ../build/libdev/pic18f4455.asm
                  _EEDATA   0x000fa8       data     extern ../build/libdev/pic18f4455.asm
                   _EEADR   0x000fa9       data     extern ../build/libdev/pic18f4455.asm
                   _RCSTA   0x000fab       data     extern ../build/libdev/pic18f4455.asm
               _RCSTAbits   0x000fab       data     extern ../build/libdev/pic18f4455.asm
                   _TXSTA   0x000fac       data     extern ../build/libdev/pic18f4455.asm
               _TXSTAbits   0x000fac       data     extern ../build/libdev/pic18f4455.asm
                   _TXREG   0x000fad       data     extern ../build/libdev/pic18f4455.asm
                   _RCREG   0x000fae       data     extern ../build/libdev/pic18f4455.asm
                   _SPBRG   0x000faf       data     extern ../build/libdev/pic18f4455.asm
                  _SPBRGH   0x000fb0       data     extern ../build/libdev/pic18f4455.asm
                   _T3CON   0x000fb1       data     extern ../build/libdev/pic18f4455.asm
               _T3CONbits   0x000fb1       data     extern ../build/libdev/pic18f4455.asm
                   _TMR3L   0x000fb2       data     extern ../build/libdev/pic18f4455.asm
                   _TMR3H   0x000fb3       data     extern ../build/libdev/pic18f4455.asm
                   _CMCON   0x000fb4       data     extern ../build/libdev/pic18f4455.asm
               _CMCONbits   0x000fb4       data     extern ../build/libdev/pic18f4455.asm
                  _CVRCON   0x000fb5       data     extern ../build/libdev/pic18f4455.asm
              _CVRCONbits   0x000fb5       data     extern ../build/libdev/pic18f4455.asm
                 _ECCP1AS   0x000fb6       data     extern ../build/libdev/pic18f4455.asm
             _ECCP1ASbits   0x000fb6       data     extern ../build/libdev/pic18f4455.asm
                _ECCP1DEL   0x000fb7       data     extern ../build/libdev/pic18f4455.asm
            _ECCP1DELbits   0x000fb7       data     extern ../build/libdev/pic18f4455.asm
                 _BAUDCON   0x000fb8       data     extern ../build/libdev/pic18f4455.asm
             _BAUDCONbits   0x000fb8       data     extern ../build/libdev/pic18f4455.asm
                 _CCP2CON   0x000fba       data     extern ../build/libdev/pic18f4455.asm
             _CCP2CONbits   0x000fba       data     extern ../build/libdev/pic18f4455.asm
                  _CCPR2L   0x000fbb       data     extern ../build/libdev/pic18f4455.asm
                  _CCPR2H   0x000fbc       data     extern ../build/libdev/pic18f4455.asm
                _ECCP1CON   0x000fbd       data     extern ../build/libdev/pic18f4455.asm
            _ECCP1CONbits   0x000fbd       data     extern ../build/libdev/pic18f4455.asm
                  _CCPR1L   0x000fbe       data     extern ../build/libdev/pic18f4455.asm
                  _CCPR1H   0x000fbf       data     extern ../build/libdev/pic18f4455.asm
                  _ADCON2   0x000fc0       data     extern ../build/libdev/pic18f4455.asm
              _ADCON2bits   0x000fc0       data     extern ../build/libdev/pic18f4455.asm
                  _ADCON1   0x000fc1       data     extern ../build/libdev/pic18f4455.asm
              _ADCON1bits   0x000fc1       data     extern ../build/libdev/pic18f4455.asm
                  _ADCON0   0x000fc2       data     extern ../build/libdev/pic18f4455.asm
              _ADCON0bits   0x000fc2       data     extern ../build/libdev/pic18f4455.asm
                  _ADRESL   0x000fc3       data     extern ../build/libdev/pic18f4455.asm
                  _ADRESH   0x000fc4       data     extern ../build/libdev/pic18f4455.asm
                 _SSPCON2   0x000fc5       data     extern ../build/libdev/pic18f4455.asm
             _SSPCON2bits   0x000fc5       data     extern ../build/libdev/pic18f4455.asm
                 _SSPCON1   0x000fc6       data     extern ../build/libdev/pic18f4455.asm
             _SSPCON1bits   0x000fc6       data     extern ../build/libdev/pic18f4455.asm
                 _SSPSTAT   0x000fc7       data     extern ../build/libdev/pic18f4455.asm
             _SSPSTATbits   0x000fc7       data     extern ../build/libdev/pic18f4455.asm
                  _SSPADD   0x000fc8       data     extern ../build/libdev/pic18f4455.asm
                  _SSPBUF   0x000fc9       data     extern ../build/libdev/pic18f4455.asm
                   _T2CON   0x000fca       data     extern ../build/libdev/pic18f4455.asm
               _T2CONbits   0x000fca       data     extern ../build/libdev/pic18f4455.asm
                     _PR2   0x000fcb       data     extern ../build/libdev/pic18f4455.asm
                    _TMR2   0x000fcc       data     extern ../build/libdev/pic18f4455.asm
                   _T1CON   0x000fcd       data     extern ../build/libdev/pic18f4455.asm
               _T1CONbits   0x000fcd       data     extern ../build/libdev/pic18f4455.asm
                   _TMR1L   0x000fce       data     extern ../build/libdev/pic18f4455.asm
                   _TMR1H   0x000fcf       data     extern ../build/libdev/pic18f4455.asm
                    _RCON   0x000fd0       data     extern ../build/libdev/pic18f4455.asm
                _RCONbits   0x000fd0       data     extern ../build/libdev/pic18f4455.asm
                  _WDTCON   0x000fd1       data     extern ../build/libdev/pic18f4455.asm
              _WDTCONbits   0x000fd1       data     extern ../build/libdev/pic18f4455.asm
                 _HLVDCON   0x000fd2       data     extern ../build/libdev/pic18f4455.asm
             _HLVDCONbits   0x000fd2       data     extern ../build/libdev/pic18f4455.asm
                  _OSCCON   0x000fd3       data     extern ../build/libdev/pic18f4455.asm
              _OSCCONbits   0x000fd3       data     extern ../build/libdev/pic18f4455.asm
                   _T0CON   0x000fd5       data     extern ../build/libdev/pic18f4455.asm
               _T0CONbits   0x000fd5       data     extern ../build/libdev/pic18f4455.asm
                   _TMR0L   0x000fd6       data     extern ../build/libdev/pic18f4455.asm
                   _TMR0H   0x000fd7       data     extern ../build/libdev/pic18f4455.asm
                  _STATUS   0x000fd8       data     extern ../build/libdev/pic18f4455.asm
              _STATUSbits   0x000fd8       data     extern ../build/libdev/pic18f4455.asm
                   _FSR2L   0x000fd9       data     extern ../build/libdev/pic18f4455.asm
                   _FSR2H   0x000fda       data     extern ../build/libdev/pic18f4455.asm
               _FSR2Hbits   0x000fda       data     extern ../build/libdev/pic18f4455.asm
                  _PLUSW2   0x000fdb       data     extern ../build/libdev/pic18f4455.asm
                 _PREINC2   0x000fdc       data     extern ../build/libdev/pic18f4455.asm
                _POSTDEC2   0x000fdd       data     extern ../build/libdev/pic18f4455.asm
                _POSTINC2   0x000fde       data     extern ../build/libdev/pic18f4455.asm
                   _INDF2   0x000fdf       data     extern ../build/libdev/pic18f4455.asm
                     _BSR   0x000fe0       data     extern ../build/libdev/pic18f4455.asm
                 _BSRbits   0x000fe0       data     extern ../build/libdev/pic18f4455.asm
                   _FSR1L   0x000fe1       data     extern ../build/libdev/pic18f4455.asm
                   _FSR1H   0x000fe2       data     extern ../build/libdev/pic18f4455.asm
               _FSR1Hbits   0x000fe2       data     extern ../build/libdev/pic18f4455.asm
                  _PLUSW1   0x000fe3       data     extern ../build/libdev/pic18f4455.asm
                 _PREINC1   0x000fe4       data     extern ../build/libdev/pic18f4455.asm
                _POSTDEC1   0x000fe5       data     extern ../build/libdev/pic18f4455.asm
                _POSTINC1   0x000fe6       data     extern ../build/libdev/pic18f4455.asm
                   _INDF1   0x000fe7       data     extern ../build/libdev/pic18f4455.asm
                    _WREG   0x000fe8       data     extern ../build/libdev/pic18f4455.asm
                   _FSR0L   0x000fe9       data     extern ../build/libdev/pic18f4455.asm
                   _FSR0H   0x000fea       data     extern ../build/libdev/pic18f4455.asm
               _FSR0Hbits   0x000fea       data     extern ../build/libdev/pic18f4455.asm
                  _PLUSW0   0x000feb       data     extern ../build/libdev/pic18f4455.asm
                 _PREINC0   0x000fec       data     extern ../build/libdev/pic18f4455.asm
                _POSTDEC0   0x000fed       data     extern ../build/libdev/pic18f4455.asm
                _POSTINC0   0x000fee       data     extern ../build/libdev/pic18f4455.asm
                   _INDF0   0x000fef       data     extern ../build/libdev/pic18f4455.asm
                 _INTCON3   0x000ff0       data     extern ../build/libdev/pic18f4455.asm
             _INTCON3bits   0x000ff0       data     extern ../build/libdev/pic18f4455.asm
                 _INTCON2   0x000ff1       data     extern ../build/libdev/pic18f4455.asm
             _INTCON2bits   0x000ff1       data     extern ../build/libdev/pic18f4455.asm
                  _INTCON   0x000ff2       data     extern ../build/libdev/pic18f4455.asm
              _INTCONbits   0x000ff2       data     extern ../build/libdev/pic18f4455.asm
                   _PRODL   0x000ff3       data     extern ../build/libdev/pic18f4455.asm
                   _PRODH   0x000ff4       data     extern ../build/libdev/pic18f4455.asm
                  _TABLAT   0x000ff5       data     extern ../build/libdev/pic18f4455.asm
                 _TBLPTRL   0x000ff6       data     extern ../build/libdev/pic18f4455.asm
                 _TBLPTRH   0x000ff7       data     extern ../build/libdev/pic18f4455.asm
                 _TBLPTRU   0x000ff8       data     extern ../build/libdev/pic18f4455.asm
             _TBLPTRUbits   0x000ff8       data     extern ../build/libdev/pic18f4455.asm
                     _PCL   0x000ff9       data     extern ../build/libdev/pic18f4455.asm
                  _PCLATH   0x000ffa       data     extern ../build/libdev/pic18f4455.asm
              _PCLATHbits   0x000ffa       data     extern ../build/libdev/pic18f4455.asm
                  _PCLATU   0x000ffb       data     extern ../build/libdev/pic18f4455.asm
              _PCLATUbits   0x000ffb       data     extern ../build/libdev/pic18f4455.asm
                  _STKPTR   0x000ffc       data     extern ../build/libdev/pic18f4455.asm
              _STKPTRbits   0x000ffc       data     extern ../build/libdev/pic18f4455.asm
                    _TOSL   0x000ffd       data     extern ../build/libdev/pic18f4455.asm
                    _TOSH   0x000ffe       data     extern ../build/libdev/pic18f4455.asm
                    _TOSU   0x000fff       data     extern ../build/libdev/pic18f4455.asm
                _TOSUbits   0x000fff       data     extern ../build/libdev/pic18f4455.asm
                    r0x00   00000000       data     static ../../build/libsdcc/char/divuchar.asm
                    r0x01   0x000001       data     static ../../build/libsdcc/char/divuchar.asm
                    r0x02   0x000002       data     static ../../build/libsdcc/char/divuchar.asm
                    r0x03   0x000003       data     static ../../build/libsdcc/char/divuchar.asm
                    r0x04   0x000004       data     static ../../build/libsdcc/char/divuchar.asm
               __divuchar   0x0019dc    program     extern ../../build/libsdcc/char/divuchar.asm
               _00109_DS_   0x001a0a    program     static ../../build/libsdcc/char/divuchar.asm
               _00110_DS_   0x001a2a    program     static ../../build/libsdcc/char/divuchar.asm
               __gptrput1   0x001c8e    program     extern ../../build/libsdcc/gptr/gptrput1.asm
                 _lab_01_   0x001c9c    program     static ../../build/libsdcc/gptr/gptrput1.asm
                 _lab_02_   0x001ca0    program     static ../../build/libsdcc/gptr/gptrput1.asm
               __gptrput2   0x001c36    program     extern ../../build/libsdcc/gptr/gptrput2.asm
                 _lab_01_   0x001c48    program     static ../../build/libsdcc/gptr/gptrput2.asm
                 _lab_02_   0x001c4c    program     static ../../build/libsdcc/gptr/gptrput2.asm
               __gptrput3   0x001be8    program     extern ../../build/libsdcc/gptr/gptrput3.asm
                 _lab_01_   0x001bfe    program     static ../../build/libsdcc/gptr/gptrput3.asm
                 _lab_02_   0x001c02    program     static ../../build/libsdcc/gptr/gptrput3.asm
                    r0x00   00000000       data     static ../../build/libsdcc/int/mulint.asm
                    r0x01   0x000001       data     static ../../build/libsdcc/int/mulint.asm
                    r0x02   0x000002       data     static ../../build/libsdcc/int/mulint.asm
                    r0x03   0x000003       data     static ../../build/libsdcc/int/mulint.asm
           __mulint_x_1_1   0x000091       data     static ../../build/libsdcc/int/mulint.asm
           __mulint_y_1_1   0x000093       data     static ../../build/libsdcc/int/mulint.asm
           __mulint_t_1_1   0x000095       data     static ../../build/libsdcc/int/mulint.asm
                 __mulint   0x0018b8    program     extern ../../build/libsdcc/int/mulint.asm
               __gptrget1   0x001bc6    program     extern ../../build/libsdcc/gptr/gptrget1.asm
                 _lab_01_   0x001bd2    program     static ../../build/libsdcc/gptr/gptrget1.asm
                 _lab_02_   0x001be6    program     static ../../build/libsdcc/gptr/gptrget1.asm
                    _end_   0x001be6    program     static ../../build/libsdcc/gptr/gptrget1.asm
               __gptrget2   0x001b4e    program     extern ../../build/libsdcc/gptr/gptrget2.asm
                 _lab_01_   0x001b5e    program     static ../../build/libsdcc/gptr/gptrget2.asm
                 _lab_02_   0x001b78    program     static ../../build/libsdcc/gptr/gptrget2.asm
                    _end_   0x001b78    program     static ../../build/libsdcc/gptr/gptrget2.asm
               __gptrget3   0x001ab6    program     extern ../../build/libsdcc/gptr/gptrget3.asm
                 _lab_01_   0x001aca    program     static ../../build/libsdcc/gptr/gptrget3.asm
                 _lab_02_   0x001aea    program     static ../../build/libsdcc/gptr/gptrget3.asm
                   _cinit   0x001cb0    program     extern  
 
